{
  "Entries": [
    {
      "RequestUri": "/luis/api/v2.0/apps/86226c53-b7a6-416f-876b-226b2b5ab07b/versions?skip=0&take=100",

      "RequestMethod": "GET",
      "RequestBody": "",
      "RequestHeaders": {
        "Ocp-Apim-Subscription-Key": [
          "00000000000000000000000000000000"
        ],
        "User-Agent": [
          "FxVersion/4.6.26020.03",
          "Microsoft.Azure.CognitiveServices.Language.LUIS.Programmatic.LuisProgrammaticAPI/2.0.0.0"
        ]
      },
      "ResponseBody": "[\r\n  {\r\n    \"version\": \"0.1\",\r\n    \"createdDateTime\": \"2017-12-22T18:04:34Z\",\r\n    \"lastModifiedDateTime\": \"2018-02-27T18:20:12Z\",\r\n    \"lastTrainedDateTime\": null,\r\n    \"lastPublishedDateTime\": \"2018-02-27T13:08:20Z\",\r\n    \"endpointUrl\": null,\r\n    \"assignedEndpointKey\": null,\r\n    \"externalApiKeys\": null,\r\n    \"intentsCount\": 8,\r\n    \"entitiesCount\": 6,\r\n    \"endpointHitsCount\": 0,\r\n    \"trainingStatus\": \"NeedsTraining\"\r\n  },\r\n  {\r\n    \"version\": \"0.2.778\",\r\n    \"createdDateTime\": \"2017-12-22T18:06:02Z\",\r\n    \"lastModifiedDateTime\": \"2017-12-22T18:13:31Z\",\r\n    \"lastTrainedDateTime\": \"2017-12-22T18:06:06Z\",\r\n    \"lastPublishedDateTime\": \"2017-12-22T18:13:32Z\",\r\n    \"endpointUrl\": null,\r\n    \"assignedEndpointKey\": null,\r\n    \"externalApiKeys\": null,\r\n    \"intentsCount\": 3,\r\n    \"entitiesCount\": 0,\r\n    \"endpointHitsCount\": 0,\r\n    \"trainingStatus\": \"Trained\"\r\n  }\r\n]",
      "ResponseHeaders": {
        "Content-Length": [
          "693"
        ],
        "Content-Type": [
          "application/json; charset=utf-8"
        ],
        "Cache-Control": [
          "no-store, proxy-revalidate, no-cache, max-age=0, private"
        ],
        "Date": [
          "Tue, 27 Feb 2018 18:20:13 GMT"
        ],
        "Pragma": [
          "no-cache"
        ],
        "Apim-Request-Id": [
          "6792c5b9-9bf2-4744-b14f-67af777499d1"
        ],
        "Request-Id": [
          "6792c5b9-9bf2-4744-b14f-67af777499d1"
        ],
        "Request-Context": [
          "appId=cid-v1:26a3540d-a02a-4998-a060-715488fd769b"
        ],
        "X-Content-Type-Options": [
          "nosniff"
        ],
        "X-Frame-Options": [
          "SAMEORIGIN"
        ],
        "X-Powered-By": [
          "ASP.NET"
        ],
        "Strict-Transport-Security": [
          "max-age=31536000; includeSubDomains; preload"
        ]
      },
      "StatusCode": 200
    },
    {
      "RequestUri": "/luis/api/v2.0/apps/86226c53-b7a6-416f-876b-226b2b5ab07b/versions/0.1/customprebuiltintents",

      "RequestMethod": "POST",
      "RequestBody": "{\r\n  \"domainName\": \"Calendar\",\r\n  \"modelName\": \"Add\"\r\n}",
      "RequestHeaders": {
        "Content-Type": [
          "application/json; charset=utf-8"
        ],
        "Content-Length": [
          "55"
        ],
        "Ocp-Apim-Subscription-Key": [
          "00000000000000000000000000000000"
        ],
        "User-Agent": [
          "FxVersion/4.6.26020.03",
          "Microsoft.Azure.CognitiveServices.Language.LUIS.Programmatic.LuisProgrammaticAPI/2.0.0.0"
        ]
      },
      "ResponseBody": "\"497970f7-c852-403e-818d-acbe3d130312\"",
      "ResponseHeaders": {
        "Content-Length": [
          "38"
        ],
        "Content-Type": [
          "application/json; charset=utf-8"
        ],
        "Cache-Control": [
          "no-store, proxy-revalidate, no-cache, max-age=0, private"
        ],
        "Date": [
          "Tue, 27 Feb 2018 18:20:14 GMT"
        ],
        "Pragma": [
          "no-cache"
        ],
        "Location": [
          "https://westus.api.cognitive.microsoft.com/luis/api/v2.0/apps/86226c53-b7a6-416f-876b-226b2b5ab07b/versions/0.1/customprebuiltintents/497970f7-c852-403e-818d-acbe3d130312"
        ],
        "Apim-Request-Id": [
          "9b30efc2-8898-4f4a-a4e1-e15108ef158b"
        ],
        "Request-Id": [
          "9b30efc2-8898-4f4a-a4e1-e15108ef158b"
        ],
        "Operation-Location": [
          "https://westus.api.cognitive.microsoft.com/luis/api/v2.0/apps/86226c53-b7a6-416f-876b-226b2b5ab07b/versions/0.1/customprebuiltintents/497970f7-c852-403e-818d-acbe3d130312"
        ],
        "Request-Context": [
          "appId=cid-v1:26a3540d-a02a-4998-a060-715488fd769b"
        ],
        "X-Content-Type-Options": [
          "nosniff"
        ],
        "X-Frame-Options": [
          "SAMEORIGIN"
        ],
        "X-Powered-By": [
          "ASP.NET"
        ],
        "Strict-Transport-Security": [
          "max-age=31536000; includeSubDomains; preload"
        ]
      },
      "StatusCode": 201
    },
    {
      "RequestUri": "/luis/api/v2.0/apps/86226c53-b7a6-416f-876b-226b2b5ab07b/versions/0.1/customprebuiltintents",

      "RequestMethod": "GET",
      "RequestBody": "",
      "RequestHeaders": {
        "Ocp-Apim-Subscription-Key": [
          "00000000000000000000000000000000"
        ],
        "User-Agent": [
          "FxVersion/4.6.26020.03",
          "Microsoft.Azure.CognitiveServices.Language.LUIS.Programmatic.LuisProgrammaticAPI/2.0.0.0"
        ]
      },
      "ResponseBody": "{\r\n  \"Result\": [\r\n    {\r\n      \"id\": \"b70e5e2e-1cbf-4b28-a73d-049b1dd562ff\",\r\n      \"name\": \"Calendar.Delete\",\r\n      \"typeId\": 0,\r\n      \"readableType\": \"Intent Classifier\",\r\n      \"customPrebuiltDomainName\": \"Calendar\",\r\n      \"customPrebuiltModelName\": \"Delete\"\r\n    },\r\n    {\r\n      \"id\": \"21f3a5e6-b83e-4981-b79d-123847c5eff2\",\r\n      \"name\": \"Calendar.Edit\",\r\n      \"typeId\": 0,\r\n      \"readableType\": \"Intent Classifier\",\r\n      \"customPrebuiltDomainName\": \"Calendar\",\r\n      \"customPrebuiltModelName\": \"Edit\"\r\n    },\r\n    {\r\n      \"id\": \"3b9e2638-dc65-42b3-9242-21bdc36481da\",\r\n      \"name\": \"Calendar.CheckAvailability\",\r\n      \"typeId\": 0,\r\n      \"readableType\": \"Intent Classifier\",\r\n      \"customPrebuiltDomainName\": \"Calendar\",\r\n      \"customPrebuiltModelName\": \"CheckAvailability\"\r\n    },\r\n    {\r\n      \"id\": \"c0314824-f8fe-4560-af32-81987a4e911b\",\r\n      \"name\": \"Calendar.Find\",\r\n      \"typeId\": 0,\r\n      \"readableType\": \"Intent Classifier\",\r\n      \"customPrebuiltDomainName\": \"Calendar\",\r\n      \"customPrebuiltModelName\": \"Find\"\r\n    },\r\n    {\r\n      \"id\": \"497970f7-c852-403e-818d-acbe3d130312\",\r\n      \"name\": \"Calendar.Add\",\r\n      \"typeId\": 0,\r\n      \"readableType\": \"Intent Classifier\",\r\n      \"customPrebuiltDomainName\": \"Calendar\",\r\n      \"customPrebuiltModelName\": \"Add\"\r\n    }\r\n  ],\r\n  \"Id\": 77036490,\r\n  \"Exception\": null,\r\n  \"Status\": 5,\r\n  \"IsCanceled\": false,\r\n  \"IsCompleted\": true,\r\n  \"CreationOptions\": 0,\r\n  \"AsyncState\": null,\r\n  \"IsFaulted\": false\r\n}",
      "ResponseHeaders": {
        "Content-Length": [
          "1106"
        ],
        "Content-Type": [
          "application/json; charset=utf-8"
        ],
        "Cache-Control": [
          "no-store, proxy-revalidate, no-cache, max-age=0, private"
        ],
        "Date": [
          "Tue, 27 Feb 2018 18:20:15 GMT"
        ],
        "Pragma": [
          "no-cache"
        ],
        "Apim-Request-Id": [
          "db3b0f1b-7f4e-4d16-8abd-985aa7a71685"
        ],
        "Request-Id": [
          "db3b0f1b-7f4e-4d16-8abd-985aa7a71685"
        ],
        "Request-Context": [
          "appId=cid-v1:26a3540d-a02a-4998-a060-715488fd769b"
        ],
        "X-Content-Type-Options": [
          "nosniff"
        ],
        "X-Frame-Options": [
          "SAMEORIGIN"
        ],
        "X-Powered-By": [
          "ASP.NET"
        ],
        "Strict-Transport-Security": [
          "max-age=31536000; includeSubDomains; preload"
        ]
      },
      "StatusCode": 200
    },
    {
      "RequestUri": "/luis/api/v2.0/apps/86226c53-b7a6-416f-876b-226b2b5ab07b/versions/0.1/intents/497970f7-c852-403e-818d-acbe3d130312?deleteUtterances=false",

      "RequestMethod": "DELETE",
      "RequestBody": "",
      "RequestHeaders": {
        "Ocp-Apim-Subscription-Key": [
          "00000000000000000000000000000000"
        ],
        "User-Agent": [
          "FxVersion/4.6.26020.03",
          "Microsoft.Azure.CognitiveServices.Language.LUIS.Programmatic.LuisProgrammaticAPI/2.0.0.0"
        ]
      },
      "ResponseBody": "{\r\n  \"code\": \"Success\",\r\n  \"message\": \"Operation Successful\"\r\n}",
      "ResponseHeaders": {
        "Content-Length": [
          "51"
        ],
        "Content-Type": [
          "application/json; charset=utf-8"
        ],
        "Cache-Control": [
          "no-store, proxy-revalidate, no-cache, max-age=0, private"
        ],
        "Date": [
          "Tue, 27 Feb 2018 18:20:16 GMT"
        ],
        "Pragma": [
          "no-cache"
        ],
        "Apim-Request-Id": [
          "cfd03c0b-6314-4ea9-a7ee-312578047b04"
        ],
        "Request-Id": [
          "cfd03c0b-6314-4ea9-a7ee-312578047b04"
        ],
        "Request-Context": [
          "appId=cid-v1:26a3540d-a02a-4998-a060-715488fd769b"
        ],
        "X-Content-Type-Options": [
          "nosniff"
        ],
        "X-Frame-Options": [
          "SAMEORIGIN"
        ],
        "X-Powered-By": [
          "ASP.NET"
        ],
        "Strict-Transport-Security": [
          "max-age=31536000; includeSubDomains; preload"
        ]
      },
      "StatusCode": 200
    }
  ],
  "Names": {},
  "Variables": {}
}